// Jest Snapshot v1, https://goo.gl/fbAQLP

exports[`renders homepage unchanged 1`] = `
<div>
  <div
    class="container"
  >
    <div>
      <h1>
        Calculator
      </h1>
      <div
        class="flex"
      >
        <input
          placeholder="Number A"
          type="number"
          value=""
        />
        <select>
          <option
            disabled=""
            value=""
          >
            Select operation
          </option>
          <option
            value="+"
          >
            +
          </option>
          <option
            value="-"
          >
            -
          </option>
          <option
            value="*"
          >
            *
          </option>
          <option
            value="/"
          >
            /
          </option>
        </select>
        <input
          placeholder="Number B"
          type="number"
          value=""
        />
      </div>
      <button>
        Calculate
      </button>
      <p>
        Result: 
      </p>
      <h3>
        History:
      </h3>
      <ul />
    </div>
  </div>
</div>
`;
